stm32f4xx_hal_msp.c:67:6:HAL_MspInit	8	static
stm32f4xx_hal_msp.c:89:6:HAL_ADC_MspInit	56	static
stm32f4xx_hal_msp.c:165:6:HAL_ADC_MspDeInit	8	static
stm32f4xx_hal_msp.c:211:6:HAL_I2C_MspInit	56	static
stm32f4xx_hal_msp.c:260:6:HAL_I2C_MspDeInit	8	static
stm32f4xx_hal_msp.c:294:6:HAL_TIM_Base_MspInit	16	static
stm32f4xx_hal_msp.c:332:6:HAL_TIM_MspPostInit	40	static
stm32f4xx_hal_msp.c:411:6:HAL_TIM_Base_MspDeInit	0	static
stm32f4xx_hal_msp.c:455:6:HAL_UART_MspInit	40	static
stm32f4xx_hal_msp.c:491:6:HAL_UART_MspDeInit	0	static
